<html>
<body>
<pre>
<h1>µVision Build Log</h1>
<h2>Tool Versions:</h2>
IDE-Version: ¦ÌVision V5.41.0.0
Copyright (C) 2024 ARM Ltd and ARM Germany GmbH. All rights reserved.
License Information: 112 1500452502@qq.com, 12, LIC=76F5U-SBD7F-Z9RG9-4DG2X-ZLP2I-VKC5M
 
Tool Versions:
Toolchain:       MDK-ARM Plus  Version: 5.41.0.0
Toolchain Path:  C:\Users\15004\AppData\Local\Keil_v5\ARM\ARMCLANG\Bin
C Compiler:      ArmClang.exe V6.22
Assembler:       Armasm.exe V6.22
Linker/Locator:  ArmLink.exe V6.22
Library Manager: ArmAr.exe V6.22
Hex Converter:   FromElf.exe V6.22
CPU DLL:         SARMCM3.DLL V5.41.0.0
Dialog DLL:      DCM.DLL V1.17.5.0
Target DLL:      CMSIS_AGDI.dll V1.33.21.0
Dialog DLL:      TCM.DLL V1.56.4.0
 
<h2>Project:</h2>
C:\Users\15004\Desktop\smart car\2025\demo\DEMO\mdk\rt1064.uvprojx
Project File Date:  11/08/2025

<h2>Output:</h2>
*** Using Compiler 'V6.22', folder: 'C:\Users\15004\AppData\Local\Keil_v5\ARM\ARMCLANG\Bin'
Build target 'nor_sdram_zf_dtcm'
compiling servo_control.c...
compiling main.c...
compiling speed_control.c...
compiling get_data.c...
linking...
Program Size: Code=44952 RO-data=9140 RW-data=140 ZI-data=11112  
".\Objects\rt1064.axf" - 0 Error(s), 0 Warning(s).

<h2>Software Packages used:</h2>

Package Vendor: NXP
                https://mcuxpresso.nxp.com/cmsis_pack/repo/NXP.MIMXRT1064_DFP.19.0.0.pack
                NXP::MIMXRT1064_DFP@19.0.0
                Device Family Pack for MIMXRT1064

<h2>Collection of Component include folders:</h2>
  C:/Users/15004/AppData/Local/Arm/Packs/NXP/MIMXRT1064_DFP/19.0.0/devices/MIMXRT1064

<h2>Collection of Component Files used:</h2>
Build Time Elapsed:  00:00:01
</pre>
</body>
</html>
